unknown_option: unknown option `--dry-runn'.
Usage: unknown_option COMMAND ...
Try `unknown_option --help' for more information.
